[www.strong.io/index.html]
[backblue.gif]
[fade.gif]
[index.html]
[www.google-analytics.com/analytics.js]
[www.strong.io/favicon.ico]
[www.strong.io/favicon/apple-icon-57x57.png]
[www.strong.io/favicon/apple-icon-60x60.png]
[www.strong.io/favicon/apple-icon-72x72.png]
[www.strong.io/favicon/apple-icon-76x76.png]
[www.strong.io/favicon/apple-icon-114x114.png]
[www.strong.io/favicon/apple-icon-120x120.png]
[www.strong.io/favicon/apple-icon-144x144.png]
[www.strong.io/favicon/apple-icon-152x152.png]
[www.strong.io/favicon/apple-icon-180x180.png]
[www.strong.io/favicon/android-icon-192x192.png]
[www.strong.io/favicon/favicon-32x32.png]
[www.strong.io/favicon/favicon-96x96.png]
[www.strong.io/favicon/favicon-16x16.png]
[www.strong.io/favicon/manifest.json]
[www.strong.io/css/strong.min.css]
[www.strong.io/js/strong.min.js]
[www.strong.io/img/strong-data-science.png]
[www.strong.io/machine-learning-development.html]
[www.strong.io/data-science-analytics.html]
[www.strong.io/big-data-infrastructure.html]
[www.strong.io/app-development.html]
[www.strong.io/products/optimail.html]
[www.strong.io/blog.html]
[www.strong.io/scholarship.html]
[www.strong.io/blog/data-science-audit.html]
[www.strong.io/blog/predictive-model-roi-calculator.html]
[www.strong.io/team.html]
[www.strong.io/contact.html]
[www.strong.io/img/logo-mercedes-benz.png]
[www.strong.io/img/logo-dictionary.png]
[www.strong.io/img/logo-stitch-fix.png]
[www.strong.io/img/logo-wind-creek.png]
[www.strong.io/img/logo-micatu.png]
[www.strong.io/img/logo-handm.png]
[www.strong.io/img/logo-hologram.png]
[www.strong.io/img/logo-monotype.png]
[www.strong.io/img/logo-taxbot.png]
[www.strong.io/img/logo-bloodhub.png]
[www.strong.io/img/logo-vector.png]
[www.strong.io/img/logo-topbox.png]
[www.strong.io/img/testimonial-ben.png]
[www.strong.io/img/testimonial-lee.png]
[www.strong.io/index.html]
[www.strong.io/careers.html]
[www.strong.io/fonts/glyphicons-halflings-regular.eot]
[www.strong.io/fonts/glyphicons-halflings-regulard41d.eot]
[www.strong.io/fonts/glyphicons-halflings-regular.woff]
[www.strong.io/fonts/glyphicons-halflings-regular.ttf]
[www.strong.io/fonts/glyphicons-halflings-regular.svg]
[www.strong.io/fonts/stack-interfacea0e2.eot]
[www.strong.io/fonts/stack-interfacea0e2.ttf]
[www.strong.io/fonts/stack-interfacea0e2.woff]
[www.strong.io/fonts/stack-interfacea0e2.svg]
[www.strong.io/fonts/socicon21b8.ttf]
[www.strong.io/fonts/socicon21b8.woff]
[www.strong.io/fonts/socicon21b8.svg]
[www.strong.io/fonts/socicon21b8.eot]
[www.strong.io/fonts/iconsmind.woff]
[www.strong.io/fonts/iconsmind.ttf]
[www.strong.io/css/strong.min.css]
[www.strong.io/favicon/xapple-icon-57x57.png.pagespeed.ic.VRUjB4O0KQ.png]
[www.strong.io/fonts/iconsmindd41d.eot]
[www.strong.io/favicon/xapple-icon-60x60.png.pagespeed.ic.vJVDTOCtI6.png]
[www.strong.io/favicon/xapple-icon-72x72.png.pagespeed.ic.whp121EcVL.png]
[www.strong.io/favicon/xapple-icon-76x76.png.pagespeed.ic.MgjQkXPKC1.png]
[www.strong.io/favicon/xapple-icon-114x114.png.pagespeed.ic._QGzwKiKu-.png]
[www.strong.io/favicon/xapple-icon-120x120.png.pagespeed.ic.Hz4AnLMGIL.png]
[www.strong.io/favicon/xapple-icon-144x144.png.pagespeed.ic.bHG2b7g3rz.png]
[www.strong.io/favicon/xapple-icon-152x152.png.pagespeed.ic.3JJoTM0DCX.png]
[www.strong.io/favicon/xapple-icon-180x180.png.pagespeed.ic.bAFEspbAmS.png]
[www.strong.io/favicon/xandroid-icon-192x192.png.pagespeed.ic.8sJXtxfCk2.png]
[www.strong.io/favicon/xfavicon-32x32.png.pagespeed.ic.pLQe2o0-x8.png]
[www.strong.io/favicon/xfavicon-96x96.png.pagespeed.ic.ftlKs2rhLH.png]
[www.strong.io/favicon/xfavicon-16x16.png.pagespeed.ic.GwCISc5tnn.png]
[www.strong.io/css/A.strong.min.css.pagespeed.cf.LDJy99El4b.css]
[www.strong.io/img/xstrong-data-science.png.pagespeed.ic.jMpbgW4o3L.png]
[www.strong.io/js/strong.min.js.pagespeed.jm.QqKV1RzJLn.js]
[www.strong.io/ai-development.html]
[www.strong.io/machine-learning-consulting.html]
[www.strong.io/predictive-modeling.html]
[www.strong.io/anomaly-detection.html]
[www.strong.io/deep-learning.html]
[www.strong.io/reinforcement-learning.html]
[www.strong.io/img/xtech-python.png.pagespeed.ic.d7WOf29q8e.png]
[www.strong.io/img/xtech-R.png.pagespeed.ic.IOuYhVemGV.png]
[www.strong.io/img/xtech-tensorflow.png.pagespeed.ic.Wdl2Y2fLre.png]
[www.strong.io/img/xtech-theano.png.pagespeed.ic.ODH6YelX4g.png]
[www.strong.io/img/xtech-sklearn.png.pagespeed.ic.cC_bYL8HMU.png]
[www.strong.io/img/xtech-spark-mlib.png.pagespeed.ic.YAyrThGpEo.png]
[www.strong.io/img/xtech-stan.png.pagespeed.ic.DCPfUCTQ3a.png]
[www.strong.io/img/xtech-pytorch.png.pagespeed.ic.hV1TAo-ObH.png]
[www.strong.io/img/xtech-lambda.png.pagespeed.ic.byljDKA3Id.png]
[www.strong.io/img/xtech-ec2.png.pagespeed.ic.rVdWxqp9CO.png]
[www.strong.io/img/xtech-awsml.png.pagespeed.ic.zeovXl-gNv.png]
[www.strong.io/img/xcase-optimail.png.pagespeed.ic.H_-EK9WmnX.png]
[www.strong.io/img/xcase-prediction.png.pagespeed.ic.FMdVSMATGQ.png]
[www.strong.io/machine-learning-development.html]
[www.strong.io/blog/predicting-customer-behavior-machine-learning-to-identify-paying-customers.html]
[www.strong.io/optimization.html]
[www.strong.io/customer-segmentation.html]
[www.strong.io/customer-lifecycle-modeling.html]
[www.strong.io/inferential-statistics.html]
[www.strong.io/statistical-programming.html]
[www.strong.io/predictive-analytics.html]
[www.strong.io/img/xcase-customer-churn.png.pagespeed.ic.AqUVPFC40P.png]
[www.strong.io/blog/customer-lifetime-value-avoid-common-pitfalls-and-build-smarter-metrics.html]
[www.strong.io/img/xcase-gaming.png.pagespeed.ic.1BmRSQpdmY.jpg]
[www.strong.io/data-science-analytics.html]
[www.strong.io/case/gaming-churn-prediction.html]
[www.strong.io/custom-data-warehouse.html]
[www.strong.io/streaming-analytics.html]
[www.strong.io/serverless-data-applications.html]
[www.strong.io/big-data-strategy.html]
[www.strong.io/data-reporting.html]
[www.strong.io/img/xtech-athena.png.pagespeed.ic.ZH_DRYec4e.png]
[www.strong.io/img/xtech-firehose.png.pagespeed.ic._vbLqFg4a1.png]
[www.strong.io/img/xtech-hadoop.png.pagespeed.ic.adNJTses5k.png]
[www.strong.io/img/xtech-kinesis.png.pagespeed.ic.CG8r8cM9n9.png]
[www.strong.io/img/xtech-presto.png.pagespeed.ic.FXs7qw5GAM.png]
[www.strong.io/img/xtech-redshift.png.pagespeed.ic.jFAIV1tUW1.png]
[www.strong.io/img/xtech-s3.png.pagespeed.ic.xbmLUXDlbE.png]
[www.strong.io/img/xtech-spark.png.pagespeed.ic.MegCGETxLT.png]
[www.strong.io/img/xtech-hive.png.pagespeed.ic.X-pNRJV_dv.png]
[www.strong.io/big-data-infrastructure.html]
[www.strong.io/img/xtech-nodejs.png.pagespeed.ic.M2QYXE0qeo.png]
[www.strong.io/img/xtech-laravel.png.pagespeed.ic.7I3W5wRj0W.png]
[www.strong.io/img/xtech-ruby.png.pagespeed.ic.8IUtHEPJX5.png]
[www.strong.io/img/xtech-postgres.png.pagespeed.ic.NJ_BQ3ZEum.png]
[www.strong.io/img/xtech-mysql.png.pagespeed.ic.YHqcc_YRUk.png]
[www.strong.io/img/xtech-angular.png.pagespeed.ic.c0NSeI7ufJ.png]
[www.strong.io/img/xtech-react.png.pagespeed.ic.VQd0Gnutqv.png]
[www.strong.io/img/xtech-vue.png.pagespeed.ic.CGWqO_-pFL.png]
[www.strong.io/app-development.html]
[www.strong.io/img/xcase-optimail-1.png.pagespeed.ic.ufY6KygIEO.png]
[www.strong.io/img/xcase-optimail-2.png.pagespeed.ic.lSyfOxfEfF.png]
[www.strong.io/img/xcase-optimail-3.png.pagespeed.ic.ZcPCw9a1kc.png]
[www.strong.io/img/xtestimonial-marvin.png.pagespeed.ic.DOkQ80Gi_-.png]
[www.strong.io/products/optimail.html]
[www.strong.io/blog/strong-bootcamp-model-development-deployment.html]
[www.strong.io/blog/evolutionary-optimization.html]
[www.strong.io/blog/visualizing-graphs-coulomb-simulation.html]
[www.strong.io/blog/data-scientist-role.html]
[www.strong.io/blog/data-science-consulting-dream-job.html]
[www.strong.io/blog/keanu-enter-the-model-matrix.html]
[www.strong.io/blog/optimail-email-marketing-artificial-intelligence.html]
[www.strong.io/blog/landing-page-science-optimizing-conversion-rates.html]
[www.strong.io/blog/is-data-science-only-useful-for-organizations-with-big-data.html]
[www.strong.io/blog/five-things-every-startup-should-be-doing-with-its-data.html]
[www.strong.io/blog/deep-neural-networks-go-to-the-movies.html]
[www.strong.io/blog.html]
[www.strong.io/blog/movie-ratings.html]
[www.strong.io/js/audit.js.pagespeed.jm.eimHhs7J5m.js]
[www.strong.io/blog/is-data-science-only-useful-for-big-data]
[www.strong.io/blog/data-science-audit.html]
[www.strong.io/scholarship.html]
[cdnjs.cloudflare.com/ajax/libs/flot/0.8.3/jquery.flot.min.js]
[cdnjs.cloudflare.com/ajax/libs/bootstrap-slider/9.7.2/bootstrap-slider.min.js]
[cdnjs.cloudflare.com/ajax/libs/bootstrap-slider/9.7.2/css/bootstrap-slider.min.css]
[www.strong.io/blog/predictive-model-roi-calculator.html]
[www.strong.io/js/model-roi-calculator.js.pagespeed.jm.sUXCRnOVxi.js]
[www.strong.io/img/xteam-brock.jpg.pagespeed.ic.Z-ycEBlpJg.jpg]
[www.strong.io/img/xteam-jzweig.png.pagespeed.ic.Zzr4BXgqgM.jpg]
[www.strong.io/img/xteam-jwdink.png.pagespeed.ic.JqW_eIuQjm.jpg]
[www.strong.io/img/xteam-andrew.png.pagespeed.ic.HM7_w7Ub0t.jpg]
[www.strong.io/img/xteam-jade.png.pagespeed.ic.0ErYA-ZkUX.jpg]
[www.strong.io/img/xteam-noah.png.pagespeed.ic.tYv35d48Kx.jpg]
[www.strong.io/img/xteam-juan.png.pagespeed.ic.4jh2yVYb3U.jpg]
[www.strong.io/img/xteam-sean.png.pagespeed.ic.WlJn3WytAk.jpg]
[www.strong.io/img/xteam-scott.png.pagespeed.ic.d9FGVs172U.jpg]
[www.strong.io/team.html]
[www.googleadservices.com/pagead/f.txt]
[www.strong.io/contact.html]
[www.strong.io/careers.html]
[www.strong.io/fonts/glyphicons-halflings-regular.html]
[www.strong.io/fonts/glyphicons-halflings-regulard41d.html]
[www.strong.io/fonts/glyphicons-halflings-regular-2.html]
[www.strong.io/fonts/glyphicons-halflings-regular-3.html]
[www.strong.io/fonts/glyphicons-halflings-regular-4.html]
[www.strong.io/fonts/stack-interfacea0e2.html]
[www.strong.io/fonts/stack-interfacea0e2.svg]
[www.strong.io/fonts/socicon21b8.svg]
[www.strong.io/css/A.strong.min.css.pagespeed.cf.LDJy99El4b.css]
[www.strong.io/img/xlogo-mercedes-benz.png.pagespeed.ic.dO_QuAmSrE.png]
[www.strong.io/img/xlogo-dictionary.png.pagespeed.ic.tNtZ7oJMuC.png]
[www.strong.io/img/xlogo-stitch-fix.png.pagespeed.ic.PH9X9Jqj7d.png]
[www.strong.io/img/xlogo-wind-creek.png.pagespeed.ic.XirZ9-nCoQ.png]
[www.strong.io/img/xlogo-micatu.png.pagespeed.ic.gyZjTLF5jN.png]
[www.strong.io/img/xlogo-handm.png.pagespeed.ic.eBYgFNzhUE.png]
[www.strong.io/img/xlogo-hologram.png.pagespeed.ic.HdinRsP4pg.png]
[www.strong.io/img/xlogo-monotype.png.pagespeed.ic.TcMy430OAb.png]
[www.strong.io/img/xlogo-taxbot.png.pagespeed.ic.J8ZDQeu5-i.png]
[www.strong.io/img/xlogo-bloodhub.png.pagespeed.ic.zP82Ypv8Bf.png]
[www.strong.io/img/xlogo-vector.png.pagespeed.ic.gVUeJ5NIAG.png]
[www.strong.io/img/xlogo-topbox.png.pagespeed.ic.VIJKW4fQY-.png]
[www.strong.io/img/xtestimonial-ben.png.pagespeed.ic.jAoeuklD1s.png]
[www.strong.io/img/xtestimonial-lee.png.pagespeed.ic.eZALiZjEJ0.png]
[www.strong.io/machine-learning-consulting.html]
[www.strong.io/ai-development.html]
[www.strong.io/predictive-modeling.html]
[www.strong.io/anomaly-detection.html]
[www.strong.io/img/xcase-deep-learning-movies.png.pagespeed.ic.6o-KhIGBXm.jpg]
[www.strong.io/deep-learning.html]
[www.strong.io/reinforcement-learning.html]
[www.strong.io/blog-images/predicting-conversions/fig1-conversion-rates.png]
[www.strong.io/blog-images/predicting-conversions/xfig1-conversion-rates.png.pagespeed.ic.wxSFRC29Ku.png]
[www.strong.io/tools-development]
[www.strong.io/blog-images/predicting-conversions/fig2-rnn-accuracy.png]
[www.strong.io/blog-images/predicting-conversions/xfig2-rnn-accuracy.png.pagespeed.ic.FvnhpPkREK.png]
[www.strong.io/blog-images/predicting-conversions/fig3-crm.png]
[www.strong.io/blog-images/predicting-conversions/xfig3-crm.png.pagespeed.ic.poEwZUDRrS.png]
[www.strong.io/blog/predicting-customer-behavior-machine-learning-to-identify-paying-customers.html]
[www.strong.io/optimization.html]
[www.strong.io/customer-segmentation.html]
[www.strong.io/customer-lifecycle-modeling.html]
[www.strong.io/inferential-statistics.html]
[www.strong.io/img/xcase-statistical-library-development.png.pagespeed.ic.eVtMWVuh14.png]
[www.strong.io/statistical-programming.html]
[www.strong.io/predictive-analytics.html]
[cdnjs.cloudflare.com/ajax/libs/mathjax/2.7.0/MathJaxb198.js]
[www.strong.io/blog-images/ltv/SaaS-Metrics-1.png]
[www.strong.io/blog-images/ltv/xSaaS-Metrics-1.png.pagespeed.ic.Llotic5UZu.png]
[www.strong.io/blog-images/ltv/Cumulative-Survival-1.png]
[www.strong.io/blog-images/ltv/xCumulative-Survival-1.png.pagespeed.ic.QBE_e1zUi9.png]
[www.strong.io/blog-images/ltv/KM-Curve-1.png]
[www.strong.io/blog-images/ltv/xKM-Curve-1.png.pagespeed.ic.itSYiilsmE.png]
[www.strong.io/blog-images/ltv/Fit-Model-1.png]
[www.strong.io/blog-images/ltv/xFit-Model-1.png.pagespeed.ic.1xWwVgxwxm.png]
[www.strong.io/blog-images/ltv/Cumulative-Value-Curve-1.png]
[www.strong.io/blog-images/ltv/xCumulative-Value-Curve-1.png.pagespeed.ic.2xKxb1IAvI.png]
[www.strong.io/blog-images/ltv/Comparing-two-methods-1.png]
[www.strong.io/blog-images/ltv/xComparing-two-methods-1.png.pagespeed.ic.L46gUXTZPh.png]
[www.strong.io/blog-images/ltv/LTV-1.png]
[www.strong.io/blog-images/ltv/xLTV-1.png.pagespeed.ic.td_9IhWwNn.png]
[www.strong.io/blog-images/ltv/Example-Segmented-Curve-1.png]
[www.strong.io/blog-images/ltv/xExample-Segmented-Curve-1.png.pagespeed.ic.E_9Hh9pz2Y.png]
[www.strong.io/blog-images/ltv/Coef-on-LTV-1.png]
[www.strong.io/blog-images/ltv/xCoef-on-LTV-1.png.pagespeed.ic.7UW73gcI-b.png]
[www.strong.io/blog/customer-lifetime-value-avoid-common-pitfalls-and-build-smarter-metrics.html]
[www.strong.io/img/xcase-gaming-solution1.png.pagespeed.ic.kC51aMttwe.png]
[www.strong.io/img/case-gaming-solution2.png.pagespeed.ce.0yupGaapm2.png]
[www.strong.io/case/gaming-churn-prediction.html]
[www.strong.io/custom-data-warehouse.html]
[www.strong.io/streaming-analytics.html]
[www.strong.io/serverless-data-applications.html]
[www.strong.io/big-data-strategy.html]
[www.strong.io/data-reporting.html]
[www.strong.io/blog/strong-bootcamp-model-development-deployment.html]
[www.strong.io/blog-images/evolutionary-optimization/gadiagram.svg]
[www.strong.io/blog-images/evolutionary-optimization/psodiagram.svg]
[www.strong.io/blog-images/evolutionary-optimization/3d-alpine_one-15.png]
[www.strong.io/blog-images/evolutionary-optimization/x3d-alpine_one-15.png.pagespeed.ic.dFo5zrAcxG.png]
[www.strong.io/blog-images/evolutionary-optimization/3d-alpine_one-75.png]
[www.strong.io/blog-images/evolutionary-optimization/x3d-alpine_one-75.png.pagespeed.ic.xj6e5xidxm.png]
[www.strong.io/blog-images/evolutionary-optimization/3d-alpine_one-135.png]
[www.strong.io/blog-images/evolutionary-optimization/x3d-alpine_one-135.png.pagespeed.ic.7xdKAdbDfz.png]
[www.strong.io/blog-images/evolutionary-optimization/3d-alpine_one-195.png]
[www.strong.io/blog-images/evolutionary-optimization/x3d-alpine_one-195.png.pagespeed.ic.GBhQttN7ie.png]
[www.strong.io/blog-images/evolutionary-optimization/param-8/pair_alpine_one.png]
[www.strong.io/blog-images/evolutionary-optimization/param-8/xpair_alpine_one.png.pagespeed.ic.LyxhpgF1UJ.png]
[www.strong.io/blog-images/evolutionary-optimization/3d-rastrigin-15.png]
[www.strong.io/blog-images/evolutionary-optimization/x3d-rastrigin-15.png.pagespeed.ic.uLJ5g2wXa8.png]
[www.strong.io/blog-images/evolutionary-optimization/3d-rastrigin-75.png]
[www.strong.io/blog-images/evolutionary-optimization/x3d-rastrigin-75.png.pagespeed.ic.W3rWpB5ICo.png]
[www.strong.io/blog-images/evolutionary-optimization/3d-rastrigin-135.png]
[www.strong.io/blog-images/evolutionary-optimization/x3d-rastrigin-135.png.pagespeed.ic.KAjit80xFI.png]
[www.strong.io/blog-images/evolutionary-optimization/3d-rastrigin-195.png]
[www.strong.io/blog-images/evolutionary-optimization/x3d-rastrigin-195.png.pagespeed.ic.F2HSokXawN.png]
[www.strong.io/blog-images/evolutionary-optimization/param-8/pair_rastrigin.png]
[www.strong.io/blog-images/evolutionary-optimization/param-8/xpair_rastrigin.png.pagespeed.ic.3tj2r-HGF0.png]
[www.strong.io/blog-images/evolutionary-optimization/3d-rosenbrock-15.png]
[www.strong.io/blog-images/evolutionary-optimization/x3d-rosenbrock-15.png.pagespeed.ic.BLZevpRp6f.png]
[www.strong.io/blog-images/evolutionary-optimization/3d-rosenbrock-75.png]
[www.strong.io/blog-images/evolutionary-optimization/x3d-rosenbrock-75.png.pagespeed.ic.AAkCofuCMh.png]
[www.strong.io/blog-images/evolutionary-optimization/3d-rosenbrock-135.png]
[www.strong.io/blog-images/evolutionary-optimization/x3d-rosenbrock-135.png.pagespeed.ic.52dnv3SBnb.png]
[www.strong.io/blog-images/evolutionary-optimization/3d-rosenbrock-195.png]
[www.strong.io/blog-images/evolutionary-optimization/x3d-rosenbrock-195.png.pagespeed.ic.uaHxoekh8m.png]
[www.strong.io/blog-images/evolutionary-optimization/param-8/pair_rosenbrock.png]
[www.strong.io/blog-images/evolutionary-optimization/param-8/xpair_rosenbrock.png.pagespeed.ic._dsopiwOH_.png]
[www.strong.io/blog-images/evolutionary-optimization/3d-sphere-15.png]
[www.strong.io/blog-images/evolutionary-optimization/x3d-sphere-15.png.pagespeed.ic.HIdzlpdlAM.png]
[www.strong.io/blog-images/evolutionary-optimization/3d-sphere-75.png]
[www.strong.io/blog-images/evolutionary-optimization/x3d-sphere-75.png.pagespeed.ic.BEbVW8qf8a.png]
[www.strong.io/blog-images/evolutionary-optimization/3d-sphere-135.png]
[www.strong.io/blog-images/evolutionary-optimization/x3d-sphere-135.png.pagespeed.ic.9GCwcp7uYk.png]
[www.strong.io/blog-images/evolutionary-optimization/3d-sphere-195.png]
[www.strong.io/blog/deep-learning-applications-saas.html]
[www.strong.io/blog-images/evolutionary-optimization/x3d-sphere-195.png.pagespeed.ic.dWCSuae7ha.png]
[www.strong.io/blog-images/evolutionary-optimization/param-8/pair_sphere.png]
[www.strong.io/blog-images/evolutionary-optimization/param-8/xpair_sphere.png.pagespeed.ic.4u9AQWm101.png]
[www.strong.io/blog-images/evolutionary-optimization/param-20/pair_alpine_one.png]
[www.strong.io/blog-images/evolutionary-optimization/param-20/xpair_alpine_one.png.pagespeed.ic.Kf7mIoDNXN.png]
[www.strong.io/blog-images/evolutionary-optimization/param-20/pair_rastrigin.png]
[www.strong.io/blog-images/evolutionary-optimization/param-20/xpair_rastrigin.png.pagespeed.ic.-eb4bjAGol.png]
[www.strong.io/blog-images/evolutionary-optimization/param-20/pair_rosenbrock.png]
[www.strong.io/blog-images/evolutionary-optimization/param-20/xpair_rosenbrock.png.pagespeed.ic.vYzlSARiFK.png]
[www.strong.io/blog-images/evolutionary-optimization/param-20/pair_sphere.png]
[www.strong.io/blog-images/evolutionary-optimization/param-20/xpair_sphere.png.pagespeed.ic.wD7ssi05x1.png]
[www.strong.io/blog/evolutionary-optimization.html]
[www.strong.io/blog-images/coulomb-graphs/2.png]
[www.strong.io/blog-images/coulomb-graphs/x2.png.pagespeed.ic.SWTDxtcvF3.png]
[www.strong.io/blog-images/coulomb-graphs/3.png]
[www.strong.io/blog-images/coulomb-graphs/x3.png.pagespeed.ic.ot11riptGp.png]
[www.strong.io/blog-images/coulomb-graphs/4.png]
[www.strong.io/blog-images/coulomb-graphs/x4.png.pagespeed.ic.8PZvNQ0t2k.png]
[www.strong.io/blog-images/coulomb-graphs/5.png]
[www.strong.io/blog-images/coulomb-graphs/x5.png.pagespeed.ic.qK1UQYMrFW.png]
[www.strong.io/blog-images/coulomb-graphs/6.png]
[www.strong.io/blog-images/coulomb-graphs/x6.png.pagespeed.ic.ZnIsBGWHt-.png]
[www.strong.io/blog-images/coulomb-graphs/7.png]
[www.strong.io/blog-images/coulomb-graphs/x7.png.pagespeed.ic.sZFWaXLvbZ.png]
[www.strong.io/blog-images/coulomb-graphs/8.png]
[www.strong.io/blog-images/coulomb-graphs/x8.png.pagespeed.ic.YcpKZ27vkZ.png]
[www.strong.io/blog-images/coulomb-graphs/9.png]
[www.strong.io/blog-images/coulomb-graphs/x9.png.pagespeed.ic.AHkqT2oTQK.png]
[www.strong.io/blog/visualizing-graphs-coulomb-simulation.html]
[www.strong.io/blog-images/keanu/keanu-figure-1.png]
[www.strong.io/blog-images/keanu/xkeanu-figure-1.png.pagespeed.ic.aRlNhy2DEt.png]
[www.strong.io/blog-images/keanu/keanu-figure-2.png]
[www.strong.io/blog-images/keanu/xkeanu-figure-2.png.pagespeed.ic.eRVLKfpuVL.png]
[www.strong.io/blog-images/keanu/keanu-figure-3.png]
[www.strong.io/blog-images/keanu/xkeanu-figure-3.png.pagespeed.ic.VAKPphEJDg.png]
[www.strong.io/blog-images/keanu/keanu-figure-4.png]
[www.strong.io/blog-images/keanu/xkeanu-figure-4.png.pagespeed.ic.KIVDQNvQmr.png]
[www.strong.io/blog-images/keanu/keanu-figure-5.png]
[www.strong.io/blog-images/keanu/xkeanu-figure-5.png.pagespeed.ic.ohLIsh0VpF.png]
[www.strong.io/blog-images/keanu/keanu-figure-6.png]
[www.strong.io/blog-images/keanu/xkeanu-figure-6.png.pagespeed.ic.3GDHlP3Kaf.png]
[www.strong.io/blog-images/keanu/keanu-figure-7.png]
[www.strong.io/blog-images/keanu/xkeanu-figure-7.png.pagespeed.ic.qIJY8Pjm8e.png]
[www.strong.io/blog/keanu-enter-the-model-matrix.html]
[www.strong.io/blog/data-science-consulting-dream-job.html]
[www.strong.io/blog/data-scientist-role.html]
[www.strong.io/blog-images/deep-learning-for-saas/nn-node.png]
[www.strong.io/blog-images/deep-learning-for-saas/xnn-node.png.pagespeed.ic.trD_8tuEE5.png]
[www.strong.io/blog-images/deep-learning-for-saas/nn.png]
[www.strong.io/blog-images/deep-learning-for-saas/xnn.png.pagespeed.ic._qytld1X7U.png]
[www.strong.io/blog/deep-learning-applications-saas.html]
[www.strong.io/blog-images/launching-optimail/header.png]
[www.strong.io/blog-images/launching-optimail/xheader.png.pagespeed.ic.gGaoCjjV8b.jpg]
[www.strong.io/blog-images/launching-optimail/optimize-email-campaigns-optimail.png]
[www.strong.io/blog-images/launching-optimail/xoptimize-email-campaigns-optimail.png.pagespeed.ic.BrGzN91pZP.png]
[www.strong.io/blog-images/launching-optimail/optimizing-checkli.png]
[www.strong.io/blog-images/launching-optimail/xoptimizing-checkli.png.pagespeed.ic.m-VMHk9ci1.png]
[www.strong.io/blog/optimail-email-marketing-artificial-intelligence.html]
[www.strong.io/blog-images/msa-form-conversions/graph-features.png]
[www.strong.io/blog-images/msa-form-conversions/xgraph-features.png.pagespeed.ic.6QakAuogZO.png]
[www.strong.io/blog-images/msa-form-conversions/graph-3-speed.png]
[www.strong.io/blog-images/msa-form-conversions/xgraph-3-speed.png.pagespeed.ic.jsgMwcIae2.png]
[www.strong.io/blog/landing-page-science-optimizing-conversion-rates.html]
[www.strong.io/blog/movie-posters-deep-neural-networks]
[www.strong.io/blog/is-data-science-only-useful-for-organizations-with-big-data.html]
[www.strong.io/blog/five-things-every-startup-should-be-doing-with-its-data.html]
[www.strong.io/blog-images/movie-posters/trailers.jpg]
[www.strong.io/blog-images/movie-posters/200xNxtrailers.jpg.pagespeed.ic.sKwnDA_b84.jpg]
[www.strong.io/blog-images/movie-posters/400px-Model.png]
[www.strong.io/blog-images/movie-posters/x400px-Model.png.pagespeed.ic.kFwy1tPq7-.png]
[www.strong.io/blog-images/movie-posters/Slide6.png]
[www.strong.io/blog-images/movie-posters/xSlide6.png.pagespeed.ic.7O0E4OOD2g.jpg]
[www.strong.io/blog/movie-posters/grid.html]
[www.strong.io/blog-images/movie-posters/laurel.png]
[www.strong.io/blog-images/movie-posters/xlaurel.png.pagespeed.ic.hrBCHrShO0.png]
[www.strong.io/blog-images/movie-posters/mountain-men-v-cemetery-of-splendor.png]
[www.strong.io/blog-images/movie-posters/xmountain-men-v-cemetery-of-splendor.png.pagespeed.ic.MLgUe2koWg.jpg]
[www.strong.io/blog/deep-neural-networks-go-to-the-movies.html]
[www.strong.io/blog-images/movie-ratings/metacritic-imdb.png]
[www.strong.io/blog-images/movie-ratings/xmetacritic-imdb.png.pagespeed.ic.EI92OGTCQ3.png]
[www.strong.io/blog-images/movie-ratings/metacritic-imdb-genres.png]
[www.strong.io/blog-images/movie-ratings/metacritic-imdb-genres.png.pagespeed.ce.DLrA50LoCj.png]
[www.strong.io/blog-images/movie-ratings/metacritic-imdb-year.png]
[www.strong.io/blog-images/movie-ratings/metacritic-imdb-year.png.pagespeed.ce.c2cLKQa2cE.png]
[www.strong.io/blog-images/movie-ratings/metacritic-imdb-cor-by-year.png]
[www.strong.io/blog-images/movie-ratings/xmetacritic-imdb-cor-by-year.png.pagespeed.ic.S_LOnNtly7.png]
[www.strong.io/blog-images/movie-ratings/fan-favs-and-critical-darlings.png]
[www.strong.io/blog-images/movie-ratings/xfan-favs-and-critical-darlings.png.pagespeed.ic.oRnzbFWU9E.png]
[www.strong.io/blog/movie-ratings.html]
[www.strong.io/blog/is-data-science-only-useful-for-big-data.html]
[cdnjs.cloudflare.com/ajax/libs/bootstrap-slider/9.7.2/css/bootstrap-slider.min.css]
[www.strong.io/tools-development.html]
[www.strong.io/blog-images/evolutionary-optimization/gadiagram.svg]
[www.strong.io/blog-images/evolutionary-optimization/psodiagram.svg]
[www.strong.io/blog-content/coulomb-graphs/nemetree/index.html]
[www.strong.io/blog-content/coulomb-graphs/nemepos/index.html]
[www.strong.io/blog/movie-posters-deep-neural-networks.html]
[www.strong.io/css/movie-posters-grid.css]
[cdnjs.cloudflare.com/ajax/libs/jquery/3.2.1/jquery.min.js]
[www.strong.io/blog-images/movie-posters/grid/2848.jpg]
[www.strong.io/blog-images/movie-posters/grid/45462.jpg]
[www.strong.io/blog-images/movie-posters/grid/1333.jpg]
[www.strong.io/blog-images/movie-posters/grid/1252.jpg]
[www.strong.io/blog-images/movie-posters/grid/31476.jpg]
[www.strong.io/blog-images/movie-posters/grid/24125.jpg]
[www.strong.io/blog-images/movie-posters/grid/6538.jpg]
[www.strong.io/blog-images/movie-posters/grid/2740.jpg]
[www.strong.io/blog-images/movie-posters/grid/216.jpg]
[www.strong.io/blog-images/movie-posters/grid/2402.jpg]
[www.strong.io/blog-images/movie-posters/grid/41788.jpg]
[www.strong.io/blog-images/movie-posters/grid/40906.jpg]
[www.strong.io/blog-images/movie-posters/grid/3641.jpg]
[www.strong.io/blog-images/movie-posters/grid/30921.jpg]
[www.strong.io/blog-images/movie-posters/grid/3252.jpg]
[www.strong.io/blog-images/movie-posters/grid/41565.jpg]
[www.strong.io/blog-images/movie-posters/grid/951.jpg]
[www.strong.io/blog-images/movie-posters/grid/40626.jpg]
[www.strong.io/blog-images/movie-posters/grid/2420.jpg]
[www.strong.io/blog-images/movie-posters/grid/2539.jpg]
[www.strong.io/blog-images/movie-posters/grid/1572.jpg]
[www.strong.io/blog-images/movie-posters/grid/327.jpg]
[www.strong.io/blog-images/movie-posters/grid/33541.jpg]
[www.strong.io/blog-images/movie-posters/grid/14862.jpg]
[www.strong.io/blog-images/movie-posters/grid/22448.jpg]
[www.strong.io/blog-images/movie-posters/grid/8569.jpg]
[www.strong.io/blog-images/movie-posters/grid/5538.jpg]
[www.strong.io/blog-images/movie-posters/grid/37996.jpg]
[www.strong.io/blog-images/movie-posters/grid/47638.jpg]
[www.strong.io/blog-images/movie-posters/grid/18043.jpg]
[www.strong.io/blog-images/movie-posters/grid/13737.jpg]
[www.strong.io/blog-images/movie-posters/grid/40514.jpg]
[www.strong.io/blog-images/movie-posters/grid/22023.jpg]
[www.strong.io/blog-images/movie-posters/grid/21610.jpg]
[www.strong.io/blog-images/movie-posters/grid/21991.jpg]
[www.strong.io/blog-images/movie-posters/grid/16824.jpg]
[www.strong.io/blog-images/movie-posters/grid/36537.jpg]
[www.strong.io/blog-images/movie-posters/grid/49525.jpg]
[www.strong.io/blog-images/movie-posters/grid/22150.jpg]
[www.strong.io/blog-images/movie-posters/grid/36407.jpg]
[www.strong.io/blog-images/movie-posters/grid/29419.jpg]
[www.strong.io/blog-images/movie-posters/grid/29240.jpg]
[www.strong.io/blog-images/movie-posters/grid/3553.jpg]
[www.strong.io/blog-images/movie-posters/grid/20834.jpg]
[www.strong.io/blog-images/movie-posters/grid/29972.jpg]
[www.strong.io/blog-images/movie-posters/grid/31539.jpg]
[www.strong.io/blog-images/movie-posters/grid/47765.jpg]
[www.strong.io/blog-images/movie-posters/grid/9964.jpg]
[www.strong.io/blog-images/movie-posters/grid/12533.jpg]
[www.strong.io/blog-images/movie-posters/grid/17084.jpg]
[www.strong.io/blog/movie-posters/grid.html]
[www.strong.io/analytics-dashboard.html]
[www.strong.io/css/movie-posters-grid.css]
